{:universe=>{:side=>:dark, :other_side=>:light}, :force=>true}