["abc", 123, ["cheese", "burger", "ribs", "steak", "bacon"]]